Vivado Simulator v2026.1
Copyright 1986-2022 Xilinx, Inc. All Rights Reserved.
Copyright 2022-2026 Advanced Micro Devices, Inc. All Rights Reserved.
Running: C:/AMDDesignTools/2026.1/Vivado/bin/unwrapped/win64.o/xelab.exe --incr --debug typical --relax --mt 2 -L xil_defaultlib -L unisims_ver -L unimacro_ver -L secureip --snapshot tb_cpu_top_behav xil_defaultlib.tb_cpu_top xil_defaultlib.glbl -log elaborate.log 
INFO: [XSIM 43-3493] Using 2 slave threads.
Starting static elaboration
Pass Through NonSizing Optimizer
WARNING: [VRFC 10-3091] actual bit length 1 differs from formal bit length 32 for port 'out_c' [C:/Users/budhv/Documents/Personal Projects/Semi RISC CPU Verilog/Semi RISC CPU Verilog.srcs/sources_1/new/cpu.v:40]
WARNING: [VRFC 10-3091] actual bit length 32 differs from formal bit length 1 for port 'Q' [C:/Users/budhv/Documents/Personal Projects/Semi RISC CPU Verilog/Semi RISC CPU Verilog.srcs/sources_1/new/data_path.v:118]
Completed static elaboration
Starting simulation data flow analysis
Completed simulation data flow analysis
Time Resolution for simulation is 1ps
Compiling module xil_defaultlib.instr_mem
Compiling module xil_defaultlib.register32
Compiling module xil_defaultlib.LZE
Compiling module xil_defaultlib.add
Compiling module xil_defaultlib.mux2to1
Compiling module xil_defaultlib.pc
Compiling module xil_defaultlib.RED
Compiling module xil_defaultlib.data_mem
Compiling module xil_defaultlib.UZE
Compiling module xil_defaultlib.mux4to1
Compiling module xil_defaultlib.fulladd
Compiling module xil_defaultlib.adder4
Compiling module xil_defaultlib.adder16
Compiling module xil_defaultlib.adder32
Compiling module xil_defaultlib.ALU
Compiling module xil_defaultlib.register1
Compiling module xil_defaultlib.data_path
Compiling module xil_defaultlib.control
Compiling module xil_defaultlib.reset_circuit
Compiling module xil_defaultlib.cpu
Compiling module xil_defaultlib.cpu_top_test
Compiling module xil_defaultlib.tb_cpu_top
Compiling module xil_defaultlib.glbl
Built simulation snapshot tb_cpu_top_behav
