INFO: [VRFC 10-2263] Analyzing Verilog file "C:/Users/budhv/Documents/Personal Projects/Semi RISC CPU Verilog/Semi RISC CPU Verilog.srcs/sources_1/new/ALU.v" into library xil_defaultlib
INFO: [VRFC 10-311] analyzing module ALU
INFO: [VRFC 10-2263] Analyzing Verilog file "C:/Users/budhv/Documents/Personal Projects/Semi RISC CPU Verilog/Semi RISC CPU Verilog.srcs/sources_1/new/LZE.v" into library xil_defaultlib
INFO: [VRFC 10-311] analyzing module LZE
INFO: [VRFC 10-2263] Analyzing Verilog file "C:/Users/budhv/Documents/Personal Projects/Semi RISC CPU Verilog/Semi RISC CPU Verilog.srcs/sources_1/new/RED.v" into library xil_defaultlib
INFO: [VRFC 10-311] analyzing module RED
INFO: [VRFC 10-2263] Analyzing Verilog file "C:/Users/budhv/Documents/Personal Projects/Semi RISC CPU Verilog/Semi RISC CPU Verilog.srcs/sources_1/new/UZE.v" into library xil_defaultlib
INFO: [VRFC 10-311] analyzing module UZE
INFO: [VRFC 10-2263] Analyzing Verilog file "C:/Users/budhv/Documents/Personal Projects/Semi RISC CPU Verilog/Semi RISC CPU Verilog.srcs/sources_1/new/add.v" into library xil_defaultlib
INFO: [VRFC 10-311] analyzing module add
INFO: [VRFC 10-2263] Analyzing Verilog file "C:/Users/budhv/Documents/Personal Projects/Semi RISC CPU Verilog/Semi RISC CPU Verilog.srcs/sources_1/new/adder16.v" into library xil_defaultlib
INFO: [VRFC 10-311] analyzing module adder16
INFO: [VRFC 10-2263] Analyzing Verilog file "C:/Users/budhv/Documents/Personal Projects/Semi RISC CPU Verilog/Semi RISC CPU Verilog.srcs/sources_1/new/adder32.v" into library xil_defaultlib
INFO: [VRFC 10-311] analyzing module adder32
INFO: [VRFC 10-2263] Analyzing Verilog file "C:/Users/budhv/Documents/Personal Projects/Semi RISC CPU Verilog/Semi RISC CPU Verilog.srcs/sources_1/new/adder4.v" into library xil_defaultlib
INFO: [VRFC 10-311] analyzing module adder4
INFO: [VRFC 10-2263] Analyzing Verilog file "C:/Users/budhv/Documents/Personal Projects/Semi RISC CPU Verilog/Semi RISC CPU Verilog.srcs/sources_1/new/control.v" into library xil_defaultlib
INFO: [VRFC 10-311] analyzing module control
INFO: [VRFC 10-2263] Analyzing Verilog file "C:/Users/budhv/Documents/Personal Projects/Semi RISC CPU Verilog/Semi RISC CPU Verilog.srcs/sources_1/new/cpu.v" into library xil_defaultlib
INFO: [VRFC 10-311] analyzing module cpu
INFO: [VRFC 10-2263] Analyzing Verilog file "C:/Users/budhv/Documents/Personal Projects/Semi RISC CPU Verilog/Semi RISC CPU Verilog.srcs/sources_1/new/cpu_top_test.v" into library xil_defaultlib
INFO: [VRFC 10-311] analyzing module cpu_top_test
INFO: [VRFC 10-2263] Analyzing Verilog file "C:/Users/budhv/Documents/Personal Projects/Semi RISC CPU Verilog/Semi RISC CPU Verilog.srcs/sources_1/new/data_mem.v" into library xil_defaultlib
INFO: [VRFC 10-311] analyzing module data_mem
INFO: [VRFC 10-2263] Analyzing Verilog file "C:/Users/budhv/Documents/Personal Projects/Semi RISC CPU Verilog/Semi RISC CPU Verilog.srcs/sources_1/new/data_path.v" into library xil_defaultlib
INFO: [VRFC 10-311] analyzing module data_path
INFO: [VRFC 10-2263] Analyzing Verilog file "C:/Users/budhv/Documents/Personal Projects/Semi RISC CPU Verilog/Semi RISC CPU Verilog.srcs/sources_1/new/fulladd.v" into library xil_defaultlib
INFO: [VRFC 10-311] analyzing module fulladd
INFO: [VRFC 10-2263] Analyzing Verilog file "C:/Users/budhv/Documents/Personal Projects/Semi RISC CPU Verilog/Semi RISC CPU Verilog.srcs/sources_1/new/instr_mem.v" into library xil_defaultlib
INFO: [VRFC 10-311] analyzing module instr_mem
INFO: [VRFC 10-2263] Analyzing Verilog file "C:/Users/budhv/Documents/Personal Projects/Semi RISC CPU Verilog/Semi RISC CPU Verilog.srcs/sources_1/new/mux2to1.v" into library xil_defaultlib
INFO: [VRFC 10-311] analyzing module mux2to1
INFO: [VRFC 10-2263] Analyzing Verilog file "C:/Users/budhv/Documents/Personal Projects/Semi RISC CPU Verilog/Semi RISC CPU Verilog.srcs/sources_1/new/mux4to1.v" into library xil_defaultlib
INFO: [VRFC 10-311] analyzing module mux4to1
INFO: [VRFC 10-2263] Analyzing Verilog file "C:/Users/budhv/Documents/Personal Projects/Semi RISC CPU Verilog/Semi RISC CPU Verilog.srcs/sources_1/new/pc.v" into library xil_defaultlib
INFO: [VRFC 10-311] analyzing module pc
INFO: [VRFC 10-2263] Analyzing Verilog file "C:/Users/budhv/Documents/Personal Projects/Semi RISC CPU Verilog/Semi RISC CPU Verilog.srcs/sources_1/new/register1.v" into library xil_defaultlib
INFO: [VRFC 10-311] analyzing module register1
INFO: [VRFC 10-2263] Analyzing Verilog file "C:/Users/budhv/Documents/Personal Projects/Semi RISC CPU Verilog/Semi RISC CPU Verilog.srcs/sources_1/new/register32.v" into library xil_defaultlib
INFO: [VRFC 10-311] analyzing module register32
INFO: [VRFC 10-2263] Analyzing Verilog file "C:/Users/budhv/Documents/Personal Projects/Semi RISC CPU Verilog/Semi RISC CPU Verilog.srcs/sources_1/new/reset_circuit.v" into library xil_defaultlib
INFO: [VRFC 10-311] analyzing module reset_circuit
INFO: [VRFC 10-2263] Analyzing Verilog file "C:/Users/budhv/Documents/Personal Projects/Semi RISC CPU Verilog/Semi RISC CPU Verilog.srcs/sim_1/new/tb_cpu_top.v" into library xil_defaultlib
INFO: [VRFC 10-311] analyzing module tb_cpu_top
