Copyright 1986-2022 Xilinx, Inc. All Rights Reserved. Copyright 2022-2026 Advanced Micro Devices, Inc. All Rights Reserved.
---------------------------------------------------------------------------------------------------------------------------------------------
| Tool Version : Vivado v.2026.1 (win64) Build 6511674 Tue Jun 16 11:02:23 MDT 2026
| Date         : Mon Aug 31 15:41:27 2026
| Host         : Nexus running 64-bit major release  (build 9200)
| Command      : report_drc -file cpu_basys3_top_drc_routed.rpt -pb cpu_basys3_top_drc_routed.pb -rpx cpu_basys3_top_drc_routed.rpx
| Design       : cpu_basys3_top
| Device       : xc7a35tcpg236-1
| Speed File   : -1
| Design State : Fully Routed
---------------------------------------------------------------------------------------------------------------------------------------------

Report DRC

Table of Contents
-----------------
1. REPORT SUMMARY
2. REPORT DETAILS

1. REPORT SUMMARY
-----------------
            Netlist: netlist
          Floorplan: design_1
      Design limits: <entire design considered>
           Ruledeck: default
             Max checks: <unlimited>
             Checks found: 15
+-----------+----------+-----------------------------------------------------+--------+
| Rule      | Severity | Description                                         | Checks |
+-----------+----------+-----------------------------------------------------+--------+
| CFGBVS-1  | Warning  | Missing CFGBVS and CONFIG_VOLTAGE Design Properties | 1      |
| PDRC-153  | Warning  | Gated clock check                                   | 2      |
| REQP-1840 | Warning  | RAMB18 async control check                          | 12     |
+-----------+----------+-----------------------------------------------------+--------+

2. REPORT DETAILS
-----------------
CFGBVS-1#1 Warning
Missing CFGBVS and CONFIG_VOLTAGE Design Properties  
Neither the CFGBVS nor CONFIG_VOLTAGE voltage property is set in the current_design.  Configuration bank voltage select (CFGBVS) must be set to VCCO or GND, and CONFIG_VOLTAGE must be set to the correct configuration voltage, in order to determine the I/O voltage support for the pins in bank 0.  It is suggested to specify these either using the 'Edit Device Properties' function in the GUI or directly in the XDC file using the following syntax:

 set_property CFGBVS value1 [current_design]
 #where value1 is either VCCO or GND

 set_property CONFIG_VOLTAGE value2 [current_design]
 #where value2 is the voltage provided to configuration bank 0

Refer to the device configuration user guide for more information.
Related violations: <none>

PDRC-153#1 Warning
Gated clock check  
Net cpu/control_unit/a_mux_reg_i_2_n_0 is a gated clock net sourced by a combinational pin cpu/control_unit/a_mux_reg_i_2/O, cell cpu/control_unit/a_mux_reg_i_2. This is not good design practice and will likely impact performance. For SLICE registers, for example, use the CE pin to control the loading of data.
Related violations: <none>

PDRC-153#2 Warning
Gated clock check  
Net cpu/control_unit/data_mux_reg[1]_i_2_n_0 is a gated clock net sourced by a combinational pin cpu/control_unit/data_mux_reg[1]_i_2/O, cell cpu/control_unit/data_mux_reg[1]_i_2. This is not good design practice and will likely impact performance. For SLICE registers, for example, use the CE pin to control the loading of data.
Related violations: <none>

REQP-1840#1 Warning
RAMB18 async control check  
The RAMB18E1 imem/mem_reg has an input control pin imem/mem_reg/ADDRARDADDR[4] (net: imem/ADDRARDADDR[0]) which is driven by a register (cpu/dat/PC0/reg0/Q_reg[0]) that has an active asychronous set or reset. This may cause corruption of the memory contents and/or read values when the set/reset is asserted and is not analyzed by the default static timing analysis. It is suggested to eliminate the use of a set/reset to registers driving this RAMB pin or else use a synchronous reset in which the assertion of the reset is timed by default.
Related violations: <none>

REQP-1840#2 Warning
RAMB18 async control check  
The RAMB18E1 imem/mem_reg has an input control pin imem/mem_reg/ADDRARDADDR[5] (net: imem/ADDRARDADDR[1]) which is driven by a register (cpu/dat/PC0/reg0/Q_reg[1]) that has an active asychronous set or reset. This may cause corruption of the memory contents and/or read values when the set/reset is asserted and is not analyzed by the default static timing analysis. It is suggested to eliminate the use of a set/reset to registers driving this RAMB pin or else use a synchronous reset in which the assertion of the reset is timed by default.
Related violations: <none>

REQP-1840#3 Warning
RAMB18 async control check  
The RAMB18E1 imem/mem_reg has an input control pin imem/mem_reg/ADDRARDADDR[6] (net: imem/ADDRARDADDR[2]) which is driven by a register (cpu/dat/PC0/reg0/Q_reg[2]) that has an active asychronous set or reset. This may cause corruption of the memory contents and/or read values when the set/reset is asserted and is not analyzed by the default static timing analysis. It is suggested to eliminate the use of a set/reset to registers driving this RAMB pin or else use a synchronous reset in which the assertion of the reset is timed by default.
Related violations: <none>

REQP-1840#4 Warning
RAMB18 async control check  
The RAMB18E1 imem/mem_reg has an input control pin imem/mem_reg/ADDRARDADDR[7] (net: imem/ADDRARDADDR[3]) which is driven by a register (cpu/dat/PC0/reg0/Q_reg[3]) that has an active asychronous set or reset. This may cause corruption of the memory contents and/or read values when the set/reset is asserted and is not analyzed by the default static timing analysis. It is suggested to eliminate the use of a set/reset to registers driving this RAMB pin or else use a synchronous reset in which the assertion of the reset is timed by default.
Related violations: <none>

REQP-1840#5 Warning
RAMB18 async control check  
The RAMB18E1 imem/mem_reg has an input control pin imem/mem_reg/ADDRARDADDR[8] (net: imem/ADDRARDADDR[4]) which is driven by a register (cpu/dat/PC0/reg0/Q_reg[4]) that has an active asychronous set or reset. This may cause corruption of the memory contents and/or read values when the set/reset is asserted and is not analyzed by the default static timing analysis. It is suggested to eliminate the use of a set/reset to registers driving this RAMB pin or else use a synchronous reset in which the assertion of the reset is timed by default.
Related violations: <none>

REQP-1840#6 Warning
RAMB18 async control check  
The RAMB18E1 imem/mem_reg has an input control pin imem/mem_reg/ADDRARDADDR[9] (net: imem/ADDRARDADDR[5]) which is driven by a register (cpu/dat/PC0/reg0/Q_reg[5]) that has an active asychronous set or reset. This may cause corruption of the memory contents and/or read values when the set/reset is asserted and is not analyzed by the default static timing analysis. It is suggested to eliminate the use of a set/reset to registers driving this RAMB pin or else use a synchronous reset in which the assertion of the reset is timed by default.
Related violations: <none>

REQP-1840#7 Warning
RAMB18 async control check  
The RAMB18E1 imem/mem_reg has an input control pin imem/mem_reg/ADDRBWRADDR[4] (net: imem/ADDRARDADDR[0]) which is driven by a register (cpu/dat/PC0/reg0/Q_reg[0]) that has an active asychronous set or reset. This may cause corruption of the memory contents and/or read values when the set/reset is asserted and is not analyzed by the default static timing analysis. It is suggested to eliminate the use of a set/reset to registers driving this RAMB pin or else use a synchronous reset in which the assertion of the reset is timed by default.
Related violations: <none>

REQP-1840#8 Warning
RAMB18 async control check  
The RAMB18E1 imem/mem_reg has an input control pin imem/mem_reg/ADDRBWRADDR[5] (net: imem/ADDRARDADDR[1]) which is driven by a register (cpu/dat/PC0/reg0/Q_reg[1]) that has an active asychronous set or reset. This may cause corruption of the memory contents and/or read values when the set/reset is asserted and is not analyzed by the default static timing analysis. It is suggested to eliminate the use of a set/reset to registers driving this RAMB pin or else use a synchronous reset in which the assertion of the reset is timed by default.
Related violations: <none>

REQP-1840#9 Warning
RAMB18 async control check  
The RAMB18E1 imem/mem_reg has an input control pin imem/mem_reg/ADDRBWRADDR[6] (net: imem/ADDRARDADDR[2]) which is driven by a register (cpu/dat/PC0/reg0/Q_reg[2]) that has an active asychronous set or reset. This may cause corruption of the memory contents and/or read values when the set/reset is asserted and is not analyzed by the default static timing analysis. It is suggested to eliminate the use of a set/reset to registers driving this RAMB pin or else use a synchronous reset in which the assertion of the reset is timed by default.
Related violations: <none>

REQP-1840#10 Warning
RAMB18 async control check  
The RAMB18E1 imem/mem_reg has an input control pin imem/mem_reg/ADDRBWRADDR[7] (net: imem/ADDRARDADDR[3]) which is driven by a register (cpu/dat/PC0/reg0/Q_reg[3]) that has an active asychronous set or reset. This may cause corruption of the memory contents and/or read values when the set/reset is asserted and is not analyzed by the default static timing analysis. It is suggested to eliminate the use of a set/reset to registers driving this RAMB pin or else use a synchronous reset in which the assertion of the reset is timed by default.
Related violations: <none>

REQP-1840#11 Warning
RAMB18 async control check  
The RAMB18E1 imem/mem_reg has an input control pin imem/mem_reg/ADDRBWRADDR[8] (net: imem/ADDRARDADDR[4]) which is driven by a register (cpu/dat/PC0/reg0/Q_reg[4]) that has an active asychronous set or reset. This may cause corruption of the memory contents and/or read values when the set/reset is asserted and is not analyzed by the default static timing analysis. It is suggested to eliminate the use of a set/reset to registers driving this RAMB pin or else use a synchronous reset in which the assertion of the reset is timed by default.
Related violations: <none>

REQP-1840#12 Warning
RAMB18 async control check  
The RAMB18E1 imem/mem_reg has an input control pin imem/mem_reg/ADDRBWRADDR[9] (net: imem/ADDRARDADDR[5]) which is driven by a register (cpu/dat/PC0/reg0/Q_reg[5]) that has an active asychronous set or reset. This may cause corruption of the memory contents and/or read values when the set/reset is asserted and is not analyzed by the default static timing analysis. It is suggested to eliminate the use of a set/reset to registers driving this RAMB pin or else use a synchronous reset in which the assertion of the reset is timed by default.
Related violations: <none>


