Copyright 1986-2022 Xilinx, Inc. All Rights Reserved. Copyright 2022-2026 Advanced Micro Devices, Inc. All Rights Reserved.
---------------------------------------------------------------------------------------------------------------------------------------------
| Tool Version : Vivado v.2026.1 (win64) Build 6511674 Tue Jun 16 11:02:23 MDT 2026
| Date         : Mon Aug 31 15:41:14 2026
| Host         : Nexus running 64-bit major release  (build 9200)
| Command      : report_control_sets -verbose -file cpu_basys3_top_control_sets_placed.rpt
| Design       : cpu_basys3_top
| Device       : xc7a35t
---------------------------------------------------------------------------------------------------------------------------------------------

Control Set Information

Table of Contents
-----------------
1. Summary
2. Histogram
3. Flip-Flop Distribution
4. Detailed Control Set Information

1. Summary
----------

+----------------------------------------------------------+-------+
|                          Status                          | Count |
+----------------------------------------------------------+-------+
| Total control sets                                       |    10 |
|    Minimum number of control sets                        |    10 |
|    Addition due to synthesis replication                 |     0 |
|    Addition due to physical synthesis replication        |     0 |
| Unused register locations in slices containing registers |    31 |
+----------------------------------------------------------+-------+
* Control sets can be merged at opt_design using control_set_merge or merge_equivalent_drivers
** Run report_qor_suggestions for automated merging and remapping suggestions


2. Histogram
------------

+--------------------+-------+
|       Fanout       | Count |
+--------------------+-------+
| Total control sets |    10 |
| >= 0 to < 4        |     2 |
| >= 4 to < 6        |     2 |
| >= 6 to < 8        |     0 |
| >= 8 to < 10       |     0 |
| >= 10 to < 12      |     0 |
| >= 12 to < 14      |     0 |
| >= 14 to < 16      |     0 |
| >= 16              |     6 |
+--------------------+-------+
* Control sets can be remapped at either synth_design or opt_design


3. Flip-Flop Distribution
-------------------------

+--------------+-----------------------+------------------------+-----------------+--------------+
| Clock Enable | Synchronous Set/Reset | Asynchronous Set/Reset | Total Registers | Total Slices |
+--------------+-----------------------+------------------------+-----------------+--------------+
| No           | No                    | No                     |              43 |           14 |
| No           | No                    | Yes                    |               5 |            3 |
| No           | Yes                   | No                     |               4 |            1 |
| Yes          | No                    | No                     |              29 |           11 |
| Yes          | No                    | Yes                    |              96 |           41 |
| Yes          | Yes                   | No                     |               0 |            0 |
+--------------+-----------------------+------------------------+-----------------+--------------+


4. Detailed Control Set Information
-----------------------------------

+-------------------------------------------+-------------------------------+-------------------------------+------------------+----------------+--------------+
|                Clock Signal               |         Enable Signal         |        Set/Reset Signal       | Slice Load Count | Bel Load Count | Bels / Slice |
+-------------------------------------------+-------------------------------+-------------------------------+------------------+----------------+--------------+
|  clk_edge_BUFG                            |                               | cpu/control_unit/dp_clr_z     |                1 |              1 |         1.00 |
|  cpu/control_unit/data_mux_reg[1]_i_2_n_0 |                               |                               |                1 |              2 |         2.00 |
|  clk_edge_BUFG                            |                               | BTNU_IBUF                     |                1 |              4 |         4.00 |
|  clk_edge_BUFG                            |                               | cpu/reset/Enable_PD_reg_0     |                2 |              4 |         2.00 |
|  cpu/control_unit/a_mux_reg_i_2_n_0       |                               |                               |                7 |             20 |         2.86 |
|  CLK100MHZ_IBUF_BUFG                      |                               |                               |                6 |             21 |         3.50 |
|  clk_edge_BUFG                            | cpu/control_unit/ir_ld        |                               |               11 |             29 |         2.64 |
|  clk_edge_BUFG                            | cpu/control_unit/pc_ld        | cpu/reset/Clr_PC              |                8 |             32 |         4.00 |
|  clk_edge_BUFG                            | cpu/control_unit/Q_reg[30][0] | cpu/control_unit/Q_reg[24][0] |               16 |             32 |         2.00 |
|  clk_edge_BUFG                            | cpu/control_unit/E[0]         | cpu/control_unit/AR[0]        |               17 |             32 |         1.88 |
+-------------------------------------------+-------------------------------+-------------------------------+------------------+----------------+--------------+


