
*** Running vivado
    with args -log cpu_basys3_top.vdi -applog -m64 -product Vivado -messageDb vivado.pb -mode batch -source cpu_basys3_top.tcl -notrace


INFO: [Common 17-3922] A valid Vivado Design Suite ENTERPRISE license has been detected. Your current license is active and will expire on 23-sep-2026.
#-----------------------------------------------------------
# Vivado v2026.1 (64-bit)
# SW Build 6511674 on Tue Jun 16 11:02:23 MDT 2026
# IP Build 6504888 on Tue Jun 09 09:05:25 MDT 2026
# SharedData Build 6501428 on Mon Jun 08 17:34:18 MDT 2026
# Start of session at: Mon Aug 31 15:40:54 2026
# Process ID         : 24088
# Current directory  : C:/Users/budhv/Documents/Personal Projects/Semi RISC CPU Verilog/Semi RISC CPU Verilog.runs/impl_1
# Command line       : vivado.exe -log cpu_basys3_top.vdi -applog -product Vivado -messageDb vivado.pb -mode batch -source cpu_basys3_top.tcl -notrace
# Log file           : C:/Users/budhv/Documents/Personal Projects/Semi RISC CPU Verilog/Semi RISC CPU Verilog.runs/impl_1/cpu_basys3_top.vdi
# Journal file       : C:/Users/budhv/Documents/Personal Projects/Semi RISC CPU Verilog/Semi RISC CPU Verilog.runs/impl_1\vivado.jou
# Running On         : Nexus
# Platform           : Windows 11
# Operating System   : 26200
# Processor Detail   : AMD Ryzen 7 9800X3D 8-Core Processor           
# CPU Frequency      : 4691 MHz
# CPU Physical cores : 8
# CPU Logical cores  : 8
# Host memory        : 33408 MB
# Swap memory        : 16642 MB
# Total Virtual      : 50051 MB
# Available Virtual  : 23345 MB
#-----------------------------------------------------------

****** Vivado v2026.1 (64-bit)
  **** SW Build 6511674 on Tue Jun 16 11:02:23 MDT 2026
  **** IP Build 6504888 on Tue Jun 09 09:05:25 MDT 2026
  **** SharedData Build 6501428 on Mon Jun 08 17:34:18 MDT 2026
  **** Start of session at: Mon Aug 31 15:40:54 2026
    ** Copyright 1986-2022 Xilinx, Inc. All Rights Reserved.
    ** Copyright 2022-2026 Advanced Micro Devices, Inc. All Rights Reserved.

source cpu_basys3_top.tcl -notrace
Command: link_design -top cpu_basys3_top -part xc7a35tcpg236-1
Design is defaulting to srcset: sources_1
Design is defaulting to constrset: constrs_1
INFO: [Device 21-403] Loading part xc7a35tcpg236-1
Netlist sorting complete. Time (s): cpu = 00:00:00 ; elapsed = 00:00:00.002 . Memory (MB): peak = 788.484 ; gain = 0.000
INFO: [Netlist 29-17] Analyzing 41 Unisim elements for replacement
INFO: [Netlist 29-28] Unisim Transformation completed in 0 CPU seconds
INFO: [Project 1-479] Netlist was created with Vivado 2026.1
INFO: [Project 1-570] Preparing netlist for logic optimization
Parsing XDC File [C:/Users/budhv/Documents/Personal Projects/Verilog-8-Bit-CPU/8_Bit_CPU_Design.srcs/constrs_1/new/basys3.xdc]
WARNING: [Vivado 12-584] No ports matched 'SW[6]'. [C:/Users/budhv/Documents/Personal Projects/Verilog-8-Bit-CPU/8_Bit_CPU_Design.srcs/constrs_1/new/basys3.xdc:25]
CRITICAL WARNING: [Common 17-55] 'set_property' expects at least one object. [C:/Users/budhv/Documents/Personal Projects/Verilog-8-Bit-CPU/8_Bit_CPU_Design.srcs/constrs_1/new/basys3.xdc:25]
Resolution: If [get_<value>] was used to populate the object, check to make sure this command returns at least one valid object.
WARNING: [Vivado 12-584] No ports matched 'SW[6]'. [C:/Users/budhv/Documents/Personal Projects/Verilog-8-Bit-CPU/8_Bit_CPU_Design.srcs/constrs_1/new/basys3.xdc:26]
CRITICAL WARNING: [Common 17-55] 'set_property' expects at least one object. [C:/Users/budhv/Documents/Personal Projects/Verilog-8-Bit-CPU/8_Bit_CPU_Design.srcs/constrs_1/new/basys3.xdc:26]
Resolution: If [get_<value>] was used to populate the object, check to make sure this command returns at least one valid object.
Finished Parsing XDC File [C:/Users/budhv/Documents/Personal Projects/Verilog-8-Bit-CPU/8_Bit_CPU_Design.srcs/constrs_1/new/basys3.xdc]
INFO: [Opt 31-138] Pushed 0 inverter(s) to 0 load pin(s).
Netlist sorting complete. Time (s): cpu = 00:00:00 ; elapsed = 00:00:00 . Memory (MB): peak = 923.207 ; gain = 0.000
INFO: [Project 1-111] Unisim Transformation Summary:
No Unisim elements were transformed.

7 Infos, 2 Warnings, 2 Critical Warnings and 0 Errors encountered.
link_design completed successfully
Command: opt_design
Attempting to get a license for feature 'Implementation' and/or device 'xc7a35t'
INFO: [Common 17-349] Got license for feature 'Implementation' and/or device 'xc7a35t'
INFO: [Common 17-86] Your Implementation license expires in 23 day(s)
Running DRC as a precondition to command opt_design

Starting DRC Task
INFO: [DRC 23-27] Running DRC with 2 threads
INFO: [Project 1-461] DRC finished with 0 Errors
INFO: [Project 1-462] Please refer to the DRC report (report_drc) for more information.

Time (s): cpu = 00:00:01 ; elapsed = 00:00:00.324 . Memory (MB): peak = 942.496 ; gain = 15.281

Starting Cache Timing Information Task
INFO: [Timing 38-35] Done setting XDC timing constraints.
Ending Cache Timing Information Task | Checksum: 28b153300

Time (s): cpu = 00:00:03 ; elapsed = 00:00:03 . Memory (MB): peak = 1484.816 ; gain = 542.320

Starting Logic Optimization Task

Phase 1 Initialization

Phase 1.1 Core Generation And Design Setup
Phase 1.1 Core Generation And Design Setup | Checksum: 28b153300

Time (s): cpu = 00:00:00 ; elapsed = 00:00:00.002 . Memory (MB): peak = 1984.723 ; gain = 0.000

Phase 1.2 Setup Constraints And Sort Netlist
Phase 1.2 Setup Constraints And Sort Netlist | Checksum: 28b153300

Time (s): cpu = 00:00:00 ; elapsed = 00:00:00.003 . Memory (MB): peak = 1984.723 ; gain = 0.000
Phase 1 Initialization | Checksum: 28b153300

Time (s): cpu = 00:00:00 ; elapsed = 00:00:00.003 . Memory (MB): peak = 1984.723 ; gain = 0.000

Phase 2 Timer Update And Timing Data Collection

Phase 2.1 Detect if minReqCache needed
Phase 2.1 Detect if minReqCache needed | Checksum: 28b153300

Time (s): cpu = 00:00:00 ; elapsed = 00:00:00.006 . Memory (MB): peak = 1984.738 ; gain = 0.016

Phase 2.2 Timer Update
Phase 2.2 Timer Update | Checksum: 28b153300

Time (s): cpu = 00:00:00 ; elapsed = 00:00:00.014 . Memory (MB): peak = 1984.738 ; gain = 0.016

Phase 2.3 Timing Data Collection
Phase 2.3 Timing Data Collection | Checksum: 28b153300

Time (s): cpu = 00:00:00 ; elapsed = 00:00:00.015 . Memory (MB): peak = 1984.738 ; gain = 0.016
Phase 2 Timer Update And Timing Data Collection | Checksum: 28b153300

Time (s): cpu = 00:00:00 ; elapsed = 00:00:00.015 . Memory (MB): peak = 1984.738 ; gain = 0.016

Phase 3 Retarget
INFO: [Opt 31-1851] Number of loadless carry chains removed were: 0
INFO: [Opt 31-1834] Total Chains To Be Transformed Were: 0 AND Number of Transformed insts Created are: 0
INFO: [Opt 31-138] Pushed 0 inverter(s) to 0 load pin(s).
INFO: [Opt 31-49] Retargeted 0 cell(s).
Phase 3 Retarget | Checksum: 28b153300

Time (s): cpu = 00:00:00 ; elapsed = 00:00:00.024 . Memory (MB): peak = 1984.738 ; gain = 0.016
Retarget | Checksum: 28b153300
INFO: [Opt 31-389] Phase Retarget created 0 cells and removed 0 cells

Phase 4 Constant propagation
INFO: [Opt 31-138] Pushed 0 inverter(s) to 0 load pin(s).
Phase 4 Constant propagation | Checksum: 28b153300

Time (s): cpu = 00:00:00 ; elapsed = 00:00:00.028 . Memory (MB): peak = 1984.738 ; gain = 0.016
Constant propagation | Checksum: 28b153300
INFO: [Opt 31-389] Phase Constant propagation created 0 cells and removed 0 cells

Phase 5 Sweep
INFO: [Constraints 18-11670] Building netlist checker database with flags, 0x8
Done building netlist checker database: Time (s): cpu = 00:00:00 ; elapsed = 00:00:00 . Memory (MB): peak = 1984.738 ; gain = 0.000
Phase 5 Sweep | Checksum: 1a7cb5918

Time (s): cpu = 00:00:00 ; elapsed = 00:00:00.035 . Memory (MB): peak = 1984.738 ; gain = 0.016
Sweep | Checksum: 1a7cb5918
INFO: [Opt 31-389] Phase Sweep created 1 cells and removed 0 cells

Phase 6 BUFG optimization
Phase 6 BUFG optimization | Checksum: 1a7cb5918

Time (s): cpu = 00:00:00 ; elapsed = 00:00:00.045 . Memory (MB): peak = 1984.738 ; gain = 0.016
BUFG optimization | Checksum: 1a7cb5918
INFO: [Opt 31-662] Phase BUFG optimization created 0 cells of which 0 are BUFGs and removed 0 cells.

Phase 7 Shift Register Optimization
INFO: [Opt 31-1064] SRL Remap converted 0 SRLs to 0 registers and converted 0 registers of register chains to 0 SRLs
Phase 7 Shift Register Optimization | Checksum: 1a7cb5918

Time (s): cpu = 00:00:00 ; elapsed = 00:00:00.047 . Memory (MB): peak = 1984.738 ; gain = 0.016
Shift Register Optimization | Checksum: 1a7cb5918
INFO: [Opt 31-389] Phase Shift Register Optimization created 0 cells and removed 0 cells

Phase 8 Post Processing Netlist
Phase 8 Post Processing Netlist | Checksum: 1c4d52a44

Time (s): cpu = 00:00:00 ; elapsed = 00:00:00.049 . Memory (MB): peak = 1984.738 ; gain = 0.016
Post Processing Netlist | Checksum: 1c4d52a44
INFO: [Opt 31-389] Phase Post Processing Netlist created 0 cells and removed 0 cells

Phase 9 Finalization

Phase 9.1 Finalizing Design Cores and Updating Shapes
Phase 9.1 Finalizing Design Cores and Updating Shapes | Checksum: 1ea2c13e9

Time (s): cpu = 00:00:00 ; elapsed = 00:00:00.056 . Memory (MB): peak = 1984.738 ; gain = 0.016

Phase 9.2 Verifying Netlist Connectivity

Starting Connectivity Check Task

Time (s): cpu = 00:00:00 ; elapsed = 00:00:00.004 . Memory (MB): peak = 1984.738 ; gain = 0.000
Phase 9.2 Verifying Netlist Connectivity | Checksum: 1ea2c13e9

Time (s): cpu = 00:00:00 ; elapsed = 00:00:00.061 . Memory (MB): peak = 1984.738 ; gain = 0.016
Phase 9 Finalization | Checksum: 1ea2c13e9

Time (s): cpu = 00:00:00 ; elapsed = 00:00:00.061 . Memory (MB): peak = 1984.738 ; gain = 0.016
Opt_design Change Summary
=========================


-------------------------------------------------------------------------------------------------------------------------
|  Phase                        |  #Cells created  |  #Cells Removed  |  #Constrained objects preventing optimizations  |
-------------------------------------------------------------------------------------------------------------------------
|  Retarget                     |               0  |               0  |                                              0  |
|  Constant propagation         |               0  |               0  |                                              0  |
|  Sweep                        |               1  |               0  |                                              0  |
|  BUFG optimization            |               0  |               0  |                                              0  |
|  Shift Register Optimization  |               0  |               0  |                                              0  |
|  Post Processing Netlist      |               0  |               0  |                                              0  |
-------------------------------------------------------------------------------------------------------------------------


Ending Logic Optimization Task | Checksum: 1ea2c13e9

Time (s): cpu = 00:00:00 ; elapsed = 00:00:00.062 . Memory (MB): peak = 1984.738 ; gain = 0.016

Starting Power Optimization Task
INFO: [Pwropt 34-132] Skipping clock gating for clocks with a period < 2.00 ns.
INFO: [Pwropt 34-9] Applying IDT optimizations ...
INFO: [Pwropt 34-10] Applying ODC optimizations ...
INFO: [Timing 38-35] Done setting XDC timing constraints.
Running Vector-less Activity Propagation...

Finished Running Vector-less Activity Propagation


Starting PowerOpt Patch Enables Task
INFO: [Pwropt 34-162] WRITE_MODE attribute of 0 BRAM(s) out of a total of 2 has been updated to save power. Run report_power_opt to get a complete listing of the BRAMs updated.
INFO: [Pwropt 34-201] Structural ODC has moved 0 WE to EN ports
Number of BRAM Ports augmented: 0 newly gated: 0 Total Ports: 4
Ending PowerOpt Patch Enables Task | Checksum: 1ea2c13e9

Time (s): cpu = 00:00:00 ; elapsed = 00:00:00.006 . Memory (MB): peak = 1984.738 ; gain = 0.000
Ending Power Optimization Task | Checksum: 1ea2c13e9

Time (s): cpu = 00:00:00 ; elapsed = 00:00:00.371 . Memory (MB): peak = 1984.738 ; gain = 0.000

Starting Final Cleanup Task
Ending Final Cleanup Task | Checksum: 1ea2c13e9

Time (s): cpu = 00:00:00 ; elapsed = 00:00:00.001 . Memory (MB): peak = 1984.738 ; gain = 0.000
Netlist sorting complete. Time (s): cpu = 00:00:00 ; elapsed = 00:00:00 . Memory (MB): peak = 1984.738 ; gain = 0.000
INFO: [Common 17-83] Releasing license: Implementation
33 Infos, 2 Warnings, 2 Critical Warnings and 0 Errors encountered.
opt_design completed successfully
opt_design: Time (s): cpu = 00:00:06 ; elapsed = 00:00:06 . Memory (MB): peak = 1984.738 ; gain = 1057.523
INFO: [Vivado 12-24828] Executing command : report_drc -file cpu_basys3_top_drc_opted.rpt -pb cpu_basys3_top_drc_opted.pb -rpx cpu_basys3_top_drc_opted.rpx
Command: report_drc -file cpu_basys3_top_drc_opted.rpt -pb cpu_basys3_top_drc_opted.pb -rpx cpu_basys3_top_drc_opted.rpx
INFO: [IP_Flow 19-234] Refreshing IP repositories
INFO: [IP_Flow 19-1704] No user IP repositories specified
INFO: [IP_Flow 19-2313] Loaded Vivado IP repository 'C:/AMDDesignTools/2026.1/Vivado/data/ip'.
INFO: [DRC 23-27] Running DRC with 2 threads
INFO: [Vivado_Tcl 2-168] The results of DRC are in file C:/Users/budhv/Documents/Personal Projects/Semi RISC CPU Verilog/Semi RISC CPU Verilog.runs/impl_1/cpu_basys3_top_drc_opted.rpt.
report_drc completed successfully
INFO: [Timing 38-480] Writing timing data to binary archive.
Write ShapeDB Complete: Time (s): cpu = 00:00:00 ; elapsed = 00:00:00.001 . Memory (MB): peak = 1984.738 ; gain = 0.000
Wrote PlaceDB: Time (s): cpu = 00:00:00 ; elapsed = 00:00:00 . Memory (MB): peak = 1984.738 ; gain = 0.000
Wrote PulsedLatchDB: Time (s): cpu = 00:00:00 ; elapsed = 00:00:00 . Memory (MB): peak = 1984.738 ; gain = 0.000
Writing XDEF routing.
Writing XDEF routing logical nets.
Writing XDEF routing special nets.
Wrote RouteStorage: Time (s): cpu = 00:00:00 ; elapsed = 00:00:00.008 . Memory (MB): peak = 1984.738 ; gain = 0.000
Wrote PlaceStorage: Time (s): cpu = 00:00:00 ; elapsed = 00:00:00.001 . Memory (MB): peak = 1984.738 ; gain = 0.000
Wrote Netlist Cache: Time (s): cpu = 00:00:00 ; elapsed = 00:00:00 . Memory (MB): peak = 1984.738 ; gain = 0.000
Wrote Device Cache: Time (s): cpu = 00:00:00 ; elapsed = 00:00:00.002 . Memory (MB): peak = 1984.738 ; gain = 0.000
Write Physdb Complete: Time (s): cpu = 00:00:00 ; elapsed = 00:00:00.015 . Memory (MB): peak = 1984.738 ; gain = 0.000
INFO: [Common 17-1381] The checkpoint 'C:/Users/budhv/Documents/Personal Projects/Semi RISC CPU Verilog/Semi RISC CPU Verilog.runs/impl_1/cpu_basys3_top_opt.dcp' has been generated.
Command: place_design
Attempting to get a license for feature 'Implementation' and/or device 'xc7a35t'
INFO: [Common 17-349] Got license for feature 'Implementation' and/or device 'xc7a35t'
INFO: [Common 17-86] Your Implementation license expires in 23 day(s)
INFO: [Common 17-83] Releasing license: Implementation
INFO: [Timing 38-35] Done setting XDC timing constraints.
Running DRC as a precondition to command place_design
INFO: [DRC 23-27] Running DRC with 2 threads
INFO: [Vivado_Tcl 4-198] DRC finished with 0 Errors, 12 Warnings
INFO: [Vivado_Tcl 4-199] Please refer to the DRC report (report_drc) for more information.
INFO: [Place 30-611] Multithreading enabled for place_design using a maximum of 2 CPUs

Starting Placer Task

Phase 1 Placer Initialization

Phase 1.1 Placer Initialization Netlist Sorting
Netlist sorting complete. Time (s): cpu = 00:00:00 ; elapsed = 00:00:00 . Memory (MB): peak = 1984.738 ; gain = 0.000
Phase 1.1 Placer Initialization Netlist Sorting | Checksum: 18d6f92b5

Time (s): cpu = 00:00:00 ; elapsed = 00:00:00.002 . Memory (MB): peak = 1984.738 ; gain = 0.000
Netlist sorting complete. Time (s): cpu = 00:00:00 ; elapsed = 00:00:00 . Memory (MB): peak = 1984.738 ; gain = 0.000

Phase 1.2 IO Placement/ Clock Placement/ Build Placer Device
Phase 1.2 IO Placement/ Clock Placement/ Build Placer Device | Checksum: 10d5958e0

Time (s): cpu = 00:00:00 ; elapsed = 00:00:00.232 . Memory (MB): peak = 1984.738 ; gain = 0.000

Phase 1.3 Build Placer Netlist Model
Phase 1.3 Build Placer Netlist Model | Checksum: 13fdb9140

Time (s): cpu = 00:00:01 ; elapsed = 00:00:00.367 . Memory (MB): peak = 1984.738 ; gain = 0.000

Phase 1.4 Constrain Clocks/Macros
Phase 1.4 Constrain Clocks/Macros | Checksum: 13fdb9140

Time (s): cpu = 00:00:01 ; elapsed = 00:00:00.369 . Memory (MB): peak = 1984.738 ; gain = 0.000
Phase 1 Placer Initialization | Checksum: 13fdb9140

Time (s): cpu = 00:00:01 ; elapsed = 00:00:00.372 . Memory (MB): peak = 1984.738 ; gain = 0.000

Phase 2 Global Placement

Phase 2.1 Floorplanning
Phase 2.1 Floorplanning | Checksum: 1778bac34

Time (s): cpu = 00:00:01 ; elapsed = 00:00:00.407 . Memory (MB): peak = 1984.738 ; gain = 0.000

Phase 2.2 Update Timing before SLR Path Opt
Phase 2.2 Update Timing before SLR Path Opt | Checksum: 151a18e46

Time (s): cpu = 00:00:01 ; elapsed = 00:00:00.427 . Memory (MB): peak = 1984.738 ; gain = 0.000

Phase 2.3 Post-Processing in Floorplanning
Phase 2.3 Post-Processing in Floorplanning | Checksum: 151a18e46

Time (s): cpu = 00:00:01 ; elapsed = 00:00:00.430 . Memory (MB): peak = 1984.738 ; gain = 0.000

Phase 2.4 Global Place Phase1
Phase 2.4 Global Place Phase1 | Checksum: 240656bd2

Time (s): cpu = 00:00:01 ; elapsed = 00:00:00.886 . Memory (MB): peak = 1984.738 ; gain = 0.000

Phase 2.5 Global Place Phase2

Phase 2.5.1 UpdateTiming Before Physical Synthesis
Phase 2.5.1 UpdateTiming Before Physical Synthesis | Checksum: 215afac3b

Time (s): cpu = 00:00:01 ; elapsed = 00:00:00.926 . Memory (MB): peak = 1984.738 ; gain = 0.000

Phase 2.5.2 Physical Synthesis In Placer
INFO: [Physopt 32-1035] Found 0 LUTNM shape to break, 33 LUT instances to create LUTNM shape
INFO: [Physopt 32-1044] Break lutnm for timing: one critical 0, two critical 0, total 0, new lutff created 0
INFO: [Physopt 32-1138] End 1 Pass. Optimized 16 nets or LUTs. Breaked 0 LUT, combined 16 existing LUTs and moved 0 existing LUT
INFO: [Physopt 32-65] No nets found for high-fanout optimization.
INFO: [Physopt 32-232] Optimized 0 net. Created 0 new instance.
INFO: [Physopt 32-775] End 1 Pass. Optimized 0 net or cell. Created 0 new cell, deleted 0 existing cell and moved 0 existing cell
INFO: [Physopt 32-670] No setup violation found.  DSP Register Optimization was not performed.
INFO: [Physopt 32-670] No setup violation found.  Shift Register to Pipeline Optimization was not performed.
INFO: [Physopt 32-670] No setup violation found.  Shift Register Optimization was not performed.
INFO: [Physopt 32-670] No setup violation found.  BRAM Register Optimization was not performed.
INFO: [Physopt 32-670] No setup violation found.  URAM Register Optimization was not performed.
INFO: [Physopt 32-949] No candidate nets found for dynamic/static region interface net replication
INFO: [Physopt 32-775] End 1 Pass. Optimized 0 net or cell. Created 0 new cell, deleted 0 existing cell and moved 0 existing cell
Netlist sorting complete. Time (s): cpu = 00:00:00 ; elapsed = 00:00:00.001 . Memory (MB): peak = 1984.738 ; gain = 0.000

Summary of Physical Synthesis Optimizations
============================================


-----------------------------------------------------------------------------------------------------------------------------------------------------------
|  Optimization                                     |  Added Cells  |  Removed Cells  |  Optimized Cells/Nets  |  Dont Touch  |  Iterations  |  Elapsed   |
-----------------------------------------------------------------------------------------------------------------------------------------------------------
|  LUT Combining                                    |            0  |             16  |                    16  |           0  |           1  |  00:00:00  |
|  Retime                                           |            0  |              0  |                     0  |           0  |           1  |  00:00:00  |
|  Very High Fanout                                 |            0  |              0  |                     0  |           0  |           1  |  00:00:00  |
|  DSP Register                                     |            0  |              0  |                     0  |           0  |           0  |  00:00:00  |
|  Shift Register to Pipeline                       |            0  |              0  |                     0  |           0  |           0  |  00:00:00  |
|  Shift Register                                   |            0  |              0  |                     0  |           0  |           0  |  00:00:00  |
|  BRAM Register                                    |            0  |              0  |                     0  |           0  |           0  |  00:00:00  |
|  URAM Register                                    |            0  |              0  |                     0  |           0  |           0  |  00:00:00  |
|  Dynamic/Static Region Interface Net Replication  |            0  |              0  |                     0  |           0  |           1  |  00:00:00  |
|  Total                                            |            0  |             16  |                    16  |           0  |           4  |  00:00:00  |
-----------------------------------------------------------------------------------------------------------------------------------------------------------


Phase 2.5.2 Physical Synthesis In Placer | Checksum: 2a77bcfef

Time (s): cpu = 00:00:02 ; elapsed = 00:00:00.988 . Memory (MB): peak = 1984.738 ; gain = 0.000
Phase 2.5 Global Place Phase2 | Checksum: 26d5568dd

Time (s): cpu = 00:00:02 ; elapsed = 00:00:01 . Memory (MB): peak = 1984.738 ; gain = 0.000
Phase 2 Global Placement | Checksum: 26d5568dd

Time (s): cpu = 00:00:02 ; elapsed = 00:00:01 . Memory (MB): peak = 1984.738 ; gain = 0.000

Phase 3 Detail Placement

Phase 3.1 Commit Multi Column Macros
Phase 3.1 Commit Multi Column Macros | Checksum: 2e3a17f14

Time (s): cpu = 00:00:02 ; elapsed = 00:00:01 . Memory (MB): peak = 1984.738 ; gain = 0.000

Phase 3.2 Commit Most Macros & LUTRAMs
Phase 3.2 Commit Most Macros & LUTRAMs | Checksum: 20af87b5d

Time (s): cpu = 00:00:02 ; elapsed = 00:00:01 . Memory (MB): peak = 1984.738 ; gain = 0.000

Phase 3.3 Area Swap Optimization
Phase 3.3 Area Swap Optimization | Checksum: 270a35d10

Time (s): cpu = 00:00:02 ; elapsed = 00:00:01 . Memory (MB): peak = 1984.738 ; gain = 0.000

Phase 3.4 Pipeline Register Optimization
Phase 3.4 Pipeline Register Optimization | Checksum: 2147ea95e

Time (s): cpu = 00:00:02 ; elapsed = 00:00:01 . Memory (MB): peak = 1984.738 ; gain = 0.000

Phase 3.5 Small Shape Detail Placement
Phase 3.5 Small Shape Detail Placement | Checksum: 26f6f04c2

Time (s): cpu = 00:00:02 ; elapsed = 00:00:01 . Memory (MB): peak = 1984.738 ; gain = 0.000

Phase 3.6 Re-assign LUT pins
Phase 3.6 Re-assign LUT pins | Checksum: 1eaaf40a9

Time (s): cpu = 00:00:02 ; elapsed = 00:00:01 . Memory (MB): peak = 1984.738 ; gain = 0.000

Phase 3.7 Pipeline Register Optimization
Phase 3.7 Pipeline Register Optimization | Checksum: 20e93f4bb

Time (s): cpu = 00:00:02 ; elapsed = 00:00:01 . Memory (MB): peak = 1984.738 ; gain = 0.000
Phase 3 Detail Placement | Checksum: 20e93f4bb

Time (s): cpu = 00:00:02 ; elapsed = 00:00:01 . Memory (MB): peak = 1984.738 ; gain = 0.000

Phase 4 Post Placement Optimization and Clean-Up

Phase 4.1 Post Commit Optimization
INFO: [Timing 38-35] Done setting XDC timing constraints.

Phase 4.1.1 Post Placement Optimization
Post Placement Optimization Initialization | Checksum: 226bb2d62

Phase 4.1.1.1 BUFG Insertion

Starting Physical Synthesis Task

Phase 1 Physical Synthesis Initialization
INFO: [Physopt 32-721] Multithreading enabled for phys_opt_design using a maximum of 2 CPUs
INFO: [Physopt 32-619] Estimated Timing Summary | WNS=0.205 | TNS=0.000 |
Phase 1 Physical Synthesis Initialization | Checksum: 18b675054

Time (s): cpu = 00:00:00 ; elapsed = 00:00:00.011 . Memory (MB): peak = 1984.738 ; gain = 0.000
INFO: [Place 46-56] BUFG insertion identified 0 candidate nets. Inserted BUFG: 0, Replicated BUFG Driver: 0, Skipped due to Placement/Routing Conflicts: 0, Skipped due to Timing Degradation: 0, Skipped due to netlist editing failed: 0.
Ending Physical Synthesis Task | Checksum: 1e1fa96e4

Time (s): cpu = 00:00:00 ; elapsed = 00:00:00.014 . Memory (MB): peak = 1984.738 ; gain = 0.000
Phase 4.1.1.1 BUFG Insertion | Checksum: 226bb2d62

Time (s): cpu = 00:00:02 ; elapsed = 00:00:01 . Memory (MB): peak = 1984.738 ; gain = 0.000

Phase 4.1.1.2 Post Placement Timing Optimization
INFO: [Place 30-746] Post Placement Timing Summary WNS=0.492. For the most accurate timing information please run report_timing.
Phase 4.1.1.2 Post Placement Timing Optimization | Checksum: 1e3cdbcdc

Time (s): cpu = 00:00:04 ; elapsed = 00:00:03 . Memory (MB): peak = 1984.738 ; gain = 0.000

Time (s): cpu = 00:00:04 ; elapsed = 00:00:03 . Memory (MB): peak = 1984.738 ; gain = 0.000
Phase 4.1 Post Commit Optimization | Checksum: 1e3cdbcdc

Time (s): cpu = 00:00:04 ; elapsed = 00:00:03 . Memory (MB): peak = 1984.738 ; gain = 0.000

Phase 4.2 Post Placement Cleanup
Phase 4.2 Post Placement Cleanup | Checksum: 1e3cdbcdc

Time (s): cpu = 00:00:04 ; elapsed = 00:00:03 . Memory (MB): peak = 1984.738 ; gain = 0.000

Phase 4.3 Placer Reporting

Phase 4.3.1 Print Estimated Congestion
INFO: [Place 30-612] Post-Placement Estimated Congestion 
 ____________________________________________________
|           | Global Congestion | Short Congestion  |
| Direction | Region Size       | Region Size       |
|___________|___________________|___________________|
|      North|                1x1|                1x1|
|___________|___________________|___________________|
|      South|                1x1|                1x1|
|___________|___________________|___________________|
|       East|                1x1|                1x1|
|___________|___________________|___________________|
|       West|                1x1|                1x1|
|___________|___________________|___________________|

Phase 4.3.1 Print Estimated Congestion | Checksum: 1e3cdbcdc

Time (s): cpu = 00:00:04 ; elapsed = 00:00:03 . Memory (MB): peak = 1984.738 ; gain = 0.000
Phase 4.3 Placer Reporting | Checksum: 1e3cdbcdc

Time (s): cpu = 00:00:04 ; elapsed = 00:00:03 . Memory (MB): peak = 1984.738 ; gain = 0.000

Phase 4.4 Final Placement Cleanup
Netlist sorting complete. Time (s): cpu = 00:00:00 ; elapsed = 00:00:00.001 . Memory (MB): peak = 1984.738 ; gain = 0.000

Time (s): cpu = 00:00:04 ; elapsed = 00:00:03 . Memory (MB): peak = 1984.738 ; gain = 0.000
Phase 4 Post Placement Optimization and Clean-Up | Checksum: 245126044

Time (s): cpu = 00:00:04 ; elapsed = 00:00:03 . Memory (MB): peak = 1984.738 ; gain = 0.000
Ending Placer Task | Checksum: 240ba9ba1

Time (s): cpu = 00:00:04 ; elapsed = 00:00:03 . Memory (MB): peak = 1984.738 ; gain = 0.000
68 Infos, 2 Warnings, 2 Critical Warnings and 0 Errors encountered.
place_design completed successfully
INFO: [Vivado 12-24838] Running report commands "report_control_sets, report_io, report_utilization" in parallel.
Running report generation with 2 threads.
INFO: [Vivado 12-24828] Executing command : report_io -file cpu_basys3_top_io_placed.rpt
report_io: Time (s): cpu = 00:00:00 ; elapsed = 00:00:00.045 . Memory (MB): peak = 1984.738 ; gain = 0.000
INFO: [Vivado 12-24828] Executing command : report_control_sets -verbose -file cpu_basys3_top_control_sets_placed.rpt
report_control_sets: Time (s): cpu = 00:00:00 ; elapsed = 00:00:00.002 . Memory (MB): peak = 1984.738 ; gain = 0.000
INFO: [Vivado 12-24828] Executing command : report_utilization -file cpu_basys3_top_utilization_placed.rpt -pb cpu_basys3_top_utilization_placed.pb
INFO: [Timing 38-480] Writing timing data to binary archive.
Wrote PlaceDB: Time (s): cpu = 00:00:00 ; elapsed = 00:00:00 . Memory (MB): peak = 1984.738 ; gain = 0.000
Write ShapeDB Complete: Time (s): cpu = 00:00:00 ; elapsed = 00:00:00.001 . Memory (MB): peak = 1984.738 ; gain = 0.000
Wrote PulsedLatchDB: Time (s): cpu = 00:00:00 ; elapsed = 00:00:00 . Memory (MB): peak = 1984.738 ; gain = 0.000
Writing XDEF routing.
Writing XDEF routing logical nets.
Writing XDEF routing special nets.
Wrote RouteStorage: Time (s): cpu = 00:00:00 ; elapsed = 00:00:00.007 . Memory (MB): peak = 1984.738 ; gain = 0.000
Wrote PlaceStorage: Time (s): cpu = 00:00:00 ; elapsed = 00:00:00.013 . Memory (MB): peak = 1984.738 ; gain = 0.000
Wrote Netlist Cache: Time (s): cpu = 00:00:00 ; elapsed = 00:00:00.001 . Memory (MB): peak = 1984.738 ; gain = 0.000
Wrote Device Cache: Time (s): cpu = 00:00:00 ; elapsed = 00:00:00.002 . Memory (MB): peak = 1984.738 ; gain = 0.000
Write Physdb Complete: Time (s): cpu = 00:00:00 ; elapsed = 00:00:00.027 . Memory (MB): peak = 1984.738 ; gain = 0.000
INFO: [Common 17-1381] The checkpoint 'C:/Users/budhv/Documents/Personal Projects/Semi RISC CPU Verilog/Semi RISC CPU Verilog.runs/impl_1/cpu_basys3_top_placed.dcp' has been generated.
Command: phys_opt_design
Attempting to get a license for feature 'Implementation' and/or device 'xc7a35t'
INFO: [Common 17-349] Got license for feature 'Implementation' and/or device 'xc7a35t'
INFO: [Common 17-86] Your Implementation license expires in 23 day(s)

Starting Initial Update Timing Task

Time (s): cpu = 00:00:00 ; elapsed = 00:00:00.046 . Memory (MB): peak = 1984.738 ; gain = 0.000
INFO: [Vivado_Tcl 4-2279] Estimated Timing Summary | WNS= 0.492 | TNS= 0.000 | 
INFO: [Vivado_Tcl 4-383] Design worst setup slack (WNS) is greater than or equal to 0.000 ns. All physical synthesis setup optimizations will be skipped.
INFO: [Vivado_Tcl 4-232] No setup violation found. The netlist was not modified.
INFO: [Common 17-83] Releasing license: Implementation
80 Infos, 2 Warnings, 2 Critical Warnings and 0 Errors encountered.
phys_opt_design completed successfully
INFO: [Timing 38-480] Writing timing data to binary archive.
Wrote PlaceDB: Time (s): cpu = 00:00:00 ; elapsed = 00:00:00 . Memory (MB): peak = 1984.738 ; gain = 0.000
Write ShapeDB Complete: Time (s): cpu = 00:00:00 ; elapsed = 00:00:00.002 . Memory (MB): peak = 1984.738 ; gain = 0.000
Wrote PulsedLatchDB: Time (s): cpu = 00:00:00 ; elapsed = 00:00:00 . Memory (MB): peak = 1984.738 ; gain = 0.000
Writing XDEF routing.
Writing XDEF routing logical nets.
Writing XDEF routing special nets.
Wrote RouteStorage: Time (s): cpu = 00:00:00 ; elapsed = 00:00:00.006 . Memory (MB): peak = 1984.738 ; gain = 0.000
Wrote PlaceStorage: Time (s): cpu = 00:00:00 ; elapsed = 00:00:00.011 . Memory (MB): peak = 1984.738 ; gain = 0.000
Wrote Netlist Cache: Time (s): cpu = 00:00:00 ; elapsed = 00:00:00 . Memory (MB): peak = 1984.738 ; gain = 0.000
Wrote Device Cache: Time (s): cpu = 00:00:00 ; elapsed = 00:00:00.002 . Memory (MB): peak = 1984.738 ; gain = 0.000
Write Physdb Complete: Time (s): cpu = 00:00:00 ; elapsed = 00:00:00.026 . Memory (MB): peak = 1984.738 ; gain = 0.000
INFO: [Common 17-1381] The checkpoint 'C:/Users/budhv/Documents/Personal Projects/Semi RISC CPU Verilog/Semi RISC CPU Verilog.runs/impl_1/cpu_basys3_top_physopt.dcp' has been generated.
Command: route_design
Attempting to get a license for feature 'Implementation' and/or device 'xc7a35t'
INFO: [Common 17-349] Got license for feature 'Implementation' and/or device 'xc7a35t'
INFO: [Common 17-86] Your Implementation license expires in 23 day(s)


Starting Routing Task
INFO: [Route 35-254] Multithreading enabled for route_design using a maximum of 2 CPUs

Phase 1 Build RT Design
Checksum: PlaceDB: b1c6e474 ConstDB: 0 ShapeSum: ee725ad6 RouteDB: a0815c57
Post Restoration Checksum: NetGraph: abfdc8ea | NumContArr: c9bf3ba0 | Constraints: c2a8fa9d | Timing: c2a8fa9d
Phase 1 Build RT Design | Checksum: 2fb0ef9c4

Time (s): cpu = 00:00:10 ; elapsed = 00:00:10 . Memory (MB): peak = 1984.738 ; gain = 0.000

Phase 2 Router Initialization

Phase 2.1 Fix Topology Constraints
Phase 2.1 Fix Topology Constraints | Checksum: 2fb0ef9c4

Time (s): cpu = 00:00:10 ; elapsed = 00:00:10 . Memory (MB): peak = 1984.738 ; gain = 0.000

Phase 2.2 Pre Route Cleanup
Phase 2.2 Pre Route Cleanup | Checksum: 2fb0ef9c4

Time (s): cpu = 00:00:10 ; elapsed = 00:00:10 . Memory (MB): peak = 1984.738 ; gain = 0.000
 Number of Nodes with overlaps = 0

Phase 2.3 Update Timing
Phase 2.3 Update Timing | Checksum: 222fbc062

Time (s): cpu = 00:00:10 ; elapsed = 00:00:10 . Memory (MB): peak = 1984.738 ; gain = 0.000
INFO: [Route 35-416] Intermediate Timing Summary | WNS=0.422  | TNS=0.000  | WHS=0.007  | THS=0.000  |


Phase 2.4 Soft Constraint Pins - Fast Budgeting
Phase 2.4 Soft Constraint Pins - Fast Budgeting | Checksum: 20d96476a

Time (s): cpu = 00:00:10 ; elapsed = 00:00:10 . Memory (MB): peak = 1984.738 ; gain = 0.000

Router Utilization Summary
  Global Vertical Routing Utilization    = 0.00502272 %
  Global Horizontal Routing Utilization  = 0.00559604 %
  Routable Net Status*
  *Does not include unroutable nets such as driverless and loadless.
  Run report_route_status for detailed report.
  Number of Failed Nets               = 694
    (Failed Nets is the sum of unrouted and partially routed nets)
  Number of Unrouted Nets             = 690
  Number of Partially Routed Nets     = 4
  Number of Node Overlaps             = 2

Phase 2 Router Initialization | Checksum: 1f03b403f

Time (s): cpu = 00:00:11 ; elapsed = 00:00:10 . Memory (MB): peak = 1984.738 ; gain = 0.000

Phase 3 Global Routing
Phase 3 Global Routing | Checksum: 1f03b403f

Time (s): cpu = 00:00:11 ; elapsed = 00:00:10 . Memory (MB): peak = 1984.738 ; gain = 0.000

Phase 4 Initial Routing

Phase 4.1 Initial Net Routing Pass
Phase 4.1 Initial Net Routing Pass | Checksum: 17948e08c

Time (s): cpu = 00:00:11 ; elapsed = 00:00:10 . Memory (MB): peak = 1984.738 ; gain = 0.000
Phase 4 Initial Routing | Checksum: 17948e08c

Time (s): cpu = 00:00:11 ; elapsed = 00:00:10 . Memory (MB): peak = 1984.738 ; gain = 0.000

Phase 5 Rip-up And Reroute

Phase 5.1 Global Iteration 0
 Number of Nodes with overlaps = 65
 Number of Nodes with overlaps = 2
 Number of Nodes with overlaps = 1
 Number of Nodes with overlaps = 1
 Number of Nodes with overlaps = 0
INFO: [Route 35-416] Intermediate Timing Summary | WNS=0.386  | TNS=0.000  | WHS=N/A    | THS=N/A    |

Phase 5.1 Global Iteration 0 | Checksum: 1d1ff5b2e

Time (s): cpu = 00:00:11 ; elapsed = 00:00:11 . Memory (MB): peak = 1984.738 ; gain = 0.000
Phase 5 Rip-up And Reroute | Checksum: 1d1ff5b2e

Time (s): cpu = 00:00:11 ; elapsed = 00:00:11 . Memory (MB): peak = 1984.738 ; gain = 0.000

Phase 6 Delay and Skew Optimization

Phase 6.1 Delay CleanUp
Phase 6.1 Delay CleanUp | Checksum: 1d1ff5b2e

Time (s): cpu = 00:00:11 ; elapsed = 00:00:11 . Memory (MB): peak = 1984.738 ; gain = 0.000

Phase 6.2 Clock Skew Optimization
Phase 6.2 Clock Skew Optimization | Checksum: 1d1ff5b2e

Time (s): cpu = 00:00:11 ; elapsed = 00:00:11 . Memory (MB): peak = 1984.738 ; gain = 0.000
Phase 6 Delay and Skew Optimization | Checksum: 1d1ff5b2e

Time (s): cpu = 00:00:11 ; elapsed = 00:00:11 . Memory (MB): peak = 1984.738 ; gain = 0.000

Phase 7 Post Hold Fix

Phase 7.1 Hold Fix Iter
INFO: [Route 35-416] Intermediate Timing Summary | WNS=0.479  | TNS=0.000  | WHS=0.309  | THS=0.000  |

Phase 7.1 Hold Fix Iter | Checksum: 184172f3e

Time (s): cpu = 00:00:11 ; elapsed = 00:00:11 . Memory (MB): peak = 1984.738 ; gain = 0.000
Phase 7 Post Hold Fix | Checksum: 184172f3e

Time (s): cpu = 00:00:11 ; elapsed = 00:00:11 . Memory (MB): peak = 1984.738 ; gain = 0.000

Phase 8 Route finalize

Router Utilization Summary
  Global Vertical Routing Utilization    = 0.204895 %
  Global Horizontal Routing Utilization  = 0.31442 %
  Routable Net Status*
  *Does not include unroutable nets such as driverless and loadless.
  Run report_route_status for detailed report.
  Number of Failed Nets               = 0
    (Failed Nets is the sum of unrouted and partially routed nets)
  Number of Unrouted Nets             = 0
  Number of Partially Routed Nets     = 0
  Number of Node Overlaps             = 0

Phase 8 Route finalize | Checksum: 184172f3e

Time (s): cpu = 00:00:11 ; elapsed = 00:00:11 . Memory (MB): peak = 1984.738 ; gain = 0.000

Phase 9 Verifying routed nets

 Verification completed successfully
Phase 9 Verifying routed nets | Checksum: 184172f3e

Time (s): cpu = 00:00:11 ; elapsed = 00:00:11 . Memory (MB): peak = 1984.738 ; gain = 0.000

Phase 10 Depositing Routes
Phase 10 Depositing Routes | Checksum: 237451f16

Time (s): cpu = 00:00:11 ; elapsed = 00:00:11 . Memory (MB): peak = 1984.738 ; gain = 0.000

Phase 11 Post Process Routing
Phase 11 Post Process Routing | Checksum: 237451f16

Time (s): cpu = 00:00:11 ; elapsed = 00:00:11 . Memory (MB): peak = 1984.738 ; gain = 0.000

Phase 12 Post Router Timing
INFO: [Route 35-57] Estimated Timing Summary | WNS=0.479  | TNS=0.000  | WHS=0.309  | THS=0.000  |

INFO: [Route 35-327] The final timing numbers are based on the router estimated timing analysis. For a complete and accurate timing signoff, please run report_timing_summary.
Phase 12 Post Router Timing | Checksum: 237451f16

Time (s): cpu = 00:00:11 ; elapsed = 00:00:11 . Memory (MB): peak = 1984.738 ; gain = 0.000
Total Elapsed time in route_design: 10.615 secs

Phase 13 Post-Route Event Processing
Phase 13 Post-Route Event Processing | Checksum: 25e25138a

Time (s): cpu = 00:00:11 ; elapsed = 00:00:11 . Memory (MB): peak = 1984.738 ; gain = 0.000
INFO: [Route 35-16] Router Completed Successfully
Ending Routing Task | Checksum: 25e25138a

Time (s): cpu = 00:00:11 ; elapsed = 00:00:11 . Memory (MB): peak = 1984.738 ; gain = 0.000

Routing Is Done.
INFO: [Common 17-83] Releasing license: Implementation
92 Infos, 2 Warnings, 2 Critical Warnings and 0 Errors encountered.
route_design completed successfully
route_design: Time (s): cpu = 00:00:11 ; elapsed = 00:00:11 . Memory (MB): peak = 1984.738 ; gain = 0.000
INFO: [Vivado 12-24828] Executing command : report_drc -file cpu_basys3_top_drc_routed.rpt -pb cpu_basys3_top_drc_routed.pb -rpx cpu_basys3_top_drc_routed.rpx
Command: report_drc -file cpu_basys3_top_drc_routed.rpt -pb cpu_basys3_top_drc_routed.pb -rpx cpu_basys3_top_drc_routed.rpx
INFO: [IP_Flow 19-1839] IP Catalog is up to date.
INFO: [DRC 23-27] Running DRC with 2 threads
INFO: [Vivado_Tcl 2-168] The results of DRC are in file C:/Users/budhv/Documents/Personal Projects/Semi RISC CPU Verilog/Semi RISC CPU Verilog.runs/impl_1/cpu_basys3_top_drc_routed.rpt.
report_drc completed successfully
INFO: [Vivado 12-24828] Executing command : report_methodology -file cpu_basys3_top_methodology_drc_routed.rpt -pb cpu_basys3_top_methodology_drc_routed.pb -rpx cpu_basys3_top_methodology_drc_routed.rpx
Command: report_methodology -file cpu_basys3_top_methodology_drc_routed.rpt -pb cpu_basys3_top_methodology_drc_routed.pb -rpx cpu_basys3_top_methodology_drc_routed.rpx
INFO: [Timing 38-35] Done setting XDC timing constraints.
INFO: [DRC 23-133] Running Methodology with 2 threads
INFO: [Vivado_Tcl 2-1520] The results of Report Methodology are in file C:/Users/budhv/Documents/Personal Projects/Semi RISC CPU Verilog/Semi RISC CPU Verilog.runs/impl_1/cpu_basys3_top_methodology_drc_routed.rpt.
report_methodology completed successfully
INFO: [Vivado 12-24828] Executing command : report_timing_summary -max_paths 10 -routable_nets -report_unconstrained -file cpu_basys3_top_timing_summary_routed.rpt -pb cpu_basys3_top_timing_summary_routed.pb -rpx cpu_basys3_top_timing_summary_routed.rpx -warn_on_violation 
INFO: [Timing 38-35] Done setting XDC timing constraints.
INFO: [Timing 38-91] UpdateTimingParams: Speed grade: -1, Delay Type: min_max.
INFO: [Timing 38-191] Multithreading enabled for timing update using a maximum of 2 CPUs
INFO: [Vivado 12-24838] Running report commands "report_incremental_reuse, report_route_status" in parallel.
Running report generation with 2 threads.
INFO: [Vivado 12-24828] Executing command : report_incremental_reuse -file cpu_basys3_top_incremental_reuse_routed.rpt
INFO: [Vivado_Tcl 4-1062] Incremental flow is disabled. No incremental reuse Info to report.
INFO: [Vivado 12-24828] Executing command : report_route_status -file cpu_basys3_top_route_status.rpt -pb cpu_basys3_top_route_status.pb
INFO: [Vivado 12-24828] Executing command : report_power -file cpu_basys3_top_power_routed.rpt -pb cpu_basys3_top_power_summary_routed.pb -rpx cpu_basys3_top_power_routed.rpx
Command: report_power -file cpu_basys3_top_power_routed.rpt -pb cpu_basys3_top_power_summary_routed.pb -rpx cpu_basys3_top_power_routed.rpx
Running Vector-less Activity Propagation...

Finished Running Vector-less Activity Propagation
109 Infos, 2 Warnings, 2 Critical Warnings and 0 Errors encountered.
report_power completed successfully
INFO: [Vivado 12-24828] Executing command : report_clock_utilization -file cpu_basys3_top_clock_utilization_routed.rpt
INFO: [Vivado 12-24828] Executing command : report_bus_skew -warn_on_violation -file cpu_basys3_top_bus_skew_routed.rpt -pb cpu_basys3_top_bus_skew_routed.pb -rpx cpu_basys3_top_bus_skew_routed.rpx
INFO: [Timing 38-91] UpdateTimingParams: Speed grade: -1, Delay Type: min_max.
INFO: [Timing 38-191] Multithreading enabled for timing update using a maximum of 2 CPUs
INFO: [Timing 38-480] Writing timing data to binary archive.
Wrote PlaceDB: Time (s): cpu = 00:00:00 ; elapsed = 00:00:00 . Memory (MB): peak = 1984.738 ; gain = 0.000
Write ShapeDB Complete: Time (s): cpu = 00:00:00 ; elapsed = 00:00:00.002 . Memory (MB): peak = 1984.738 ; gain = 0.000
Wrote PulsedLatchDB: Time (s): cpu = 00:00:00 ; elapsed = 00:00:00 . Memory (MB): peak = 1984.738 ; gain = 0.000
Writing XDEF routing.
Writing XDEF routing logical nets.
Writing XDEF routing special nets.
Wrote RouteStorage: Time (s): cpu = 00:00:00 ; elapsed = 00:00:00.011 . Memory (MB): peak = 1984.738 ; gain = 0.000
Wrote PlaceStorage: Time (s): cpu = 00:00:00 ; elapsed = 00:00:00.011 . Memory (MB): peak = 1984.738 ; gain = 0.000
Wrote Netlist Cache: Time (s): cpu = 00:00:00 ; elapsed = 00:00:00.001 . Memory (MB): peak = 1984.738 ; gain = 0.000
Wrote Device Cache: Time (s): cpu = 00:00:00 ; elapsed = 00:00:00.002 . Memory (MB): peak = 1984.738 ; gain = 0.000
Write Physdb Complete: Time (s): cpu = 00:00:00 ; elapsed = 00:00:00.031 . Memory (MB): peak = 1984.738 ; gain = 0.000
INFO: [Common 17-1381] The checkpoint 'C:/Users/budhv/Documents/Personal Projects/Semi RISC CPU Verilog/Semi RISC CPU Verilog.runs/impl_1/cpu_basys3_top_routed.dcp' has been generated.
INFO: [Common 17-206] Exiting Vivado at Mon Aug 31 15:41:28 2026...

*** Running vivado
    with args -log cpu_basys3_top.vdi -applog -m64 -product Vivado -messageDb vivado.pb -mode batch -source cpu_basys3_top.tcl -notrace


INFO: [Common 17-3922] A valid Vivado Design Suite ENTERPRISE license has been detected. Your current license is active and will expire on 23-sep-2026.
#-----------------------------------------------------------
# Vivado v2026.1 (64-bit)
# SW Build 6511674 on Tue Jun 16 11:02:23 MDT 2026
# IP Build 6504888 on Tue Jun 09 09:05:25 MDT 2026
# SharedData Build 6501428 on Mon Jun 08 17:34:18 MDT 2026
# Start of session at: Mon Aug 31 15:41:45 2026
# Process ID         : 13568
# Current directory  : C:/Users/budhv/Documents/Personal Projects/Semi RISC CPU Verilog/Semi RISC CPU Verilog.runs/impl_1
# Command line       : vivado.exe -log cpu_basys3_top.vdi -applog -product Vivado -messageDb vivado.pb -mode batch -source cpu_basys3_top.tcl -notrace
# Log file           : C:/Users/budhv/Documents/Personal Projects/Semi RISC CPU Verilog/Semi RISC CPU Verilog.runs/impl_1/cpu_basys3_top.vdi
# Journal file       : C:/Users/budhv/Documents/Personal Projects/Semi RISC CPU Verilog/Semi RISC CPU Verilog.runs/impl_1\vivado.jou
# Running On         : Nexus
# Platform           : Windows 11
# Operating System   : 26200
# Processor Detail   : AMD Ryzen 7 9800X3D 8-Core Processor           
# CPU Frequency      : 4691 MHz
# CPU Physical cores : 8
# CPU Logical cores  : 8
# Host memory        : 33408 MB
# Swap memory        : 16642 MB
# Total Virtual      : 50051 MB
# Available Virtual  : 23313 MB
#-----------------------------------------------------------

****** Vivado v2026.1 (64-bit)
  **** SW Build 6511674 on Tue Jun 16 11:02:23 MDT 2026
  **** IP Build 6504888 on Tue Jun 09 09:05:25 MDT 2026
  **** SharedData Build 6501428 on Mon Jun 08 17:34:18 MDT 2026
  **** Start of session at: Mon Aug 31 15:41:45 2026
    ** Copyright 1986-2022 Xilinx, Inc. All Rights Reserved.
    ** Copyright 2022-2026 Advanced Micro Devices, Inc. All Rights Reserved.

source cpu_basys3_top.tcl -notrace
Command: open_checkpoint cpu_basys3_top_routed.dcp
INFO: [Device 21-403] Loading part xc7a35tcpg236-1
Netlist sorting complete. Time (s): cpu = 00:00:00 ; elapsed = 00:00:00.002 . Memory (MB): peak = 783.773 ; gain = 0.000
INFO: [Netlist 29-17] Analyzing 41 Unisim elements for replacement
INFO: [Netlist 29-28] Unisim Transformation completed in 0 CPU seconds
INFO: [Project 1-479] Netlist was created with Vivado 2026.1
INFO: [Project 1-570] Preparing netlist for logic optimization
Read ShapeDB Complete: Time (s): cpu = 00:00:00 ; elapsed = 00:00:00.002 . Memory (MB): peak = 875.574 ; gain = 0.098
INFO: [Timing 38-478] Restoring timing data from binary archive.
INFO: [Timing 38-479] Binary timing data restore complete.
INFO: [Project 1-856] Restoring constraints from binary archive.
INFO: [Project 1-853] Binary constraint restore complete.
INFO: [Designutils 20-5722] Start Reading Physical Databases.
Reading placement.
Read Netlist Cache: Time (s): cpu = 00:00:00 ; elapsed = 00:00:00 . Memory (MB): peak = 1474.629 ; gain = 0.000
Reading placer database...
Read Device Cache: Time (s): cpu = 00:00:00 ; elapsed = 00:00:00.004 . Memory (MB): peak = 1474.629 ; gain = 0.000
Read PlaceDB: Time (s): cpu = 00:00:00 ; elapsed = 00:00:00 . Memory (MB): peak = 1474.629 ; gain = 0.000
Read placeStorage: Time (s): cpu = 00:00:00 ; elapsed = 00:00:00.009 . Memory (MB): peak = 1485.430 ; gain = 10.801
Read PulsedLatchDB: Time (s): cpu = 00:00:00 ; elapsed = 00:00:00 . Memory (MB): peak = 1485.430 ; gain = 0.000
Reading routing.
Read RouteStorage: Time (s): cpu = 00:00:00 ; elapsed = 00:00:00.008 . Memory (MB): peak = 1485.430 ; gain = 0.000
Read Physdb Files: Time (s): cpu = 00:00:00 ; elapsed = 00:00:00.027 . Memory (MB): peak = 1485.430 ; gain = 10.801
Restored from archive | CPU: 0.000000 secs | Memory: 0.000000 MB |
Finished XDEF File Restore: Time (s): cpu = 00:00:00 ; elapsed = 00:00:00.056 . Memory (MB): peak = 1485.430 ; gain = 21.004
Netlist sorting complete. Time (s): cpu = 00:00:00 ; elapsed = 00:00:00 . Memory (MB): peak = 1485.430 ; gain = 0.000
INFO: [Project 1-111] Unisim Transformation Summary:
No Unisim elements were transformed.

INFO: [Project 1-604] Checkpoint was created with Vivado v2026.1 (64-bit) build 6511674
WARNING: [Vivado 12-23575] Critical violations of the methodology design rules detected. Critical violations may contribute to timing failures or cause functional issues in hardware. Run report_methodology for more information.
open_checkpoint: Time (s): cpu = 00:00:10 ; elapsed = 00:00:09 . Memory (MB): peak = 1485.430 ; gain = 1169.652
Command: write_bitstream -force cpu_basys3_top.bit
Attempting to get a license for feature 'Implementation' and/or device 'xc7a35t'
INFO: [Common 17-349] Got license for feature 'Implementation' and/or device 'xc7a35t'
INFO: [Common 17-86] Your Implementation license expires in 23 day(s)
Running DRC as a precondition to command write_bitstream
INFO: [IP_Flow 19-234] Refreshing IP repositories
INFO: [IP_Flow 19-1704] No user IP repositories specified
INFO: [IP_Flow 19-2313] Loaded Vivado IP repository 'C:/AMDDesignTools/2026.1/Vivado/data/ip'.
INFO: [DRC 23-27] Running DRC with 2 threads
INFO: [Vivado 12-3199] DRC finished with 0 Errors
INFO: [Vivado 12-3200] Please refer to the DRC report (report_drc) for more information.
Integrating Hard IP ELF/MEM with the PDI.
INFO: [Designutils 20-2272] Running write_bitstream with 2 threads.
Initializing bitstream generation complete. Time (s): cpu = 00:00:00 ; elapsed = 00:00:00.556 . Memory (MB): peak = 1729.797 ; gain = 88.992
Loading data files...
Loading site data...
Loading route data...
Processing options...
Creating bitmap...
Creating bitstream...
Writing bitstream ./cpu_basys3_top.bit...
Generate Bitstream complete. Time (s): cpu = 00:00:04 ; elapsed = 00:00:04 . Memory (MB): peak = 1964.465 ; gain = 323.660
INFO: [Vivado 12-1842] Bitgen Completed Successfully.
INFO: [Common 17-83] Releasing license: Implementation
23 Infos, 1 Warnings, 0 Critical Warnings and 0 Errors encountered.
write_bitstream completed successfully
write_bitstream: Time (s): cpu = 00:00:07 ; elapsed = 00:00:25 . Memory (MB): peak = 1964.465 ; gain = 479.035
INFO: [Common 17-206] Exiting Vivado at Mon Aug 31 15:42:21 2026...
